Archive member included to satisfy reference by file (symbol)

/opt/st/stm32cubeide_2.0.0/plugins/com.st.stm32cube.ide.mcu.externaltools.gnu-tools-for-stm32.13.3.rel1.linux64_1.0.100.202509120712/tools/bin/../lib/gcc/arm-none-eabi/13.3.1/../../../../arm-none-eabi/lib/thumb/v7e-m+fp/hard/libc_nano.a(libc_a-exit.o)
                              /opt/st/stm32cubeide_2.0.0/plugins/com.st.stm32cube.ide.mcu.externaltools.gnu-tools-for-stm32.13.3.rel1.linux64_1.0.100.202509120712/tools/bin/../lib/gcc/arm-none-eabi/13.3.1/../../../../arm-none-eabi/lib/thumb/v7e-m+fp/hard/crt0.o (exit)
/opt/st/stm32cubeide_2.0.0/plugins/com.st.stm32cube.ide.mcu.externaltools.gnu-tools-for-stm32.13.3.rel1.linux64_1.0.100.202509120712/tools/bin/../lib/gcc/arm-none-eabi/13.3.1/../../../../arm-none-eabi/lib/thumb/v7e-m+fp/hard/libc_nano.a(libc_a-findfp.o)
                              /opt/st/stm32cubeide_2.0.0/plugins/com.st.stm32cube.ide.mcu.externaltools.gnu-tools-for-stm32.13.3.rel1.linux64_1.0.100.202509120712/tools/bin/../lib/gcc/arm-none-eabi/13.3.1/../../../../arm-none-eabi/lib/thumb/v7e-m+fp/hard/libc_nano.a(libc_a-exit.o) (__stdio_exit_handler)
/opt/st/stm32cubeide_2.0.0/plugins/com.st.stm32cube.ide.mcu.externaltools.gnu-tools-for-stm32.13.3.rel1.linux64_1.0.100.202509120712/tools/bin/../lib/gcc/arm-none-eabi/13.3.1/../../../../arm-none-eabi/lib/thumb/v7e-m+fp/hard/libc_nano.a(libc_a-fwalk.o)
                              /opt/st/stm32cubeide_2.0.0/plugins/com.st.stm32cube.ide.mcu.externaltools.gnu-tools-for-stm32.13.3.rel1.linux64_1.0.100.202509120712/tools/bin/../lib/gcc/arm-none-eabi/13.3.1/../../../../arm-none-eabi/lib/thumb/v7e-m+fp/hard/libc_nano.a(libc_a-findfp.o) (_fwalk_sglue)
/opt/st/stm32cubeide_2.0.0/plugins/com.st.stm32cube.ide.mcu.externaltools.gnu-tools-for-stm32.13.3.rel1.linux64_1.0.100.202509120712/tools/bin/../lib/gcc/arm-none-eabi/13.3.1/../../../../arm-none-eabi/lib/thumb/v7e-m+fp/hard/libc_nano.a(libc_a-stdio.o)
                              /opt/st/stm32cubeide_2.0.0/plugins/com.st.stm32cube.ide.mcu.externaltools.gnu-tools-for-stm32.13.3.rel1.linux64_1.0.100.202509120712/tools/bin/../lib/gcc/arm-none-eabi/13.3.1/../../../../arm-none-eabi/lib/thumb/v7e-m+fp/hard/libc_nano.a(libc_a-findfp.o) (__sread)
/opt/st/stm32cubeide_2.0.0/plugins/com.st.stm32cube.ide.mcu.externaltools.gnu-tools-for-stm32.13.3.rel1.linux64_1.0.100.202509120712/tools/bin/../lib/gcc/arm-none-eabi/13.3.1/../../../../arm-none-eabi/lib/thumb/v7e-m+fp/hard/libc_nano.a(libc_a-memset.o)
                              /opt/st/stm32cubeide_2.0.0/plugins/com.st.stm32cube.ide.mcu.externaltools.gnu-tools-for-stm32.13.3.rel1.linux64_1.0.100.202509120712/tools/bin/../lib/gcc/arm-none-eabi/13.3.1/../../../../arm-none-eabi/lib/thumb/v7e-m+fp/hard/crt0.o (memset)
/opt/st/stm32cubeide_2.0.0/plugins/com.st.stm32cube.ide.mcu.externaltools.gnu-tools-for-stm32.13.3.rel1.linux64_1.0.100.202509120712/tools/bin/../lib/gcc/arm-none-eabi/13.3.1/../../../../arm-none-eabi/lib/thumb/v7e-m+fp/hard/libc_nano.a(libc_a-closer.o)
                              /opt/st/stm32cubeide_2.0.0/plugins/com.st.stm32cube.ide.mcu.externaltools.gnu-tools-for-stm32.13.3.rel1.linux64_1.0.100.202509120712/tools/bin/../lib/gcc/arm-none-eabi/13.3.1/../../../../arm-none-eabi/lib/thumb/v7e-m+fp/hard/libc_nano.a(libc_a-stdio.o) (_close_r)
/opt/st/stm32cubeide_2.0.0/plugins/com.st.stm32cube.ide.mcu.externaltools.gnu-tools-for-stm32.13.3.rel1.linux64_1.0.100.202509120712/tools/bin/../lib/gcc/arm-none-eabi/13.3.1/../../../../arm-none-eabi/lib/thumb/v7e-m+fp/hard/libc_nano.a(libc_a-reent.o)
                              /opt/st/stm32cubeide_2.0.0/plugins/com.st.stm32cube.ide.mcu.externaltools.gnu-tools-for-stm32.13.3.rel1.linux64_1.0.100.202509120712/tools/bin/../lib/gcc/arm-none-eabi/13.3.1/../../../../arm-none-eabi/lib/thumb/v7e-m+fp/hard/libc_nano.a(libc_a-closer.o) (errno)
/opt/st/stm32cubeide_2.0.0/plugins/com.st.stm32cube.ide.mcu.externaltools.gnu-tools-for-stm32.13.3.rel1.linux64_1.0.100.202509120712/tools/bin/../lib/gcc/arm-none-eabi/13.3.1/../../../../arm-none-eabi/lib/thumb/v7e-m+fp/hard/libc_nano.a(libc_a-impure.o)
                              /opt/st/stm32cubeide_2.0.0/plugins/com.st.stm32cube.ide.mcu.externaltools.gnu-tools-for-stm32.13.3.rel1.linux64_1.0.100.202509120712/tools/bin/../lib/gcc/arm-none-eabi/13.3.1/../../../../arm-none-eabi/lib/thumb/v7e-m+fp/hard/libc_nano.a(libc_a-reent.o) (_impure_ptr)
/opt/st/stm32cubeide_2.0.0/plugins/com.st.stm32cube.ide.mcu.externaltools.gnu-tools-for-stm32.13.3.rel1.linux64_1.0.100.202509120712/tools/bin/../lib/gcc/arm-none-eabi/13.3.1/../../../../arm-none-eabi/lib/thumb/v7e-m+fp/hard/libc_nano.a(libc_a-lseekr.o)
                              /opt/st/stm32cubeide_2.0.0/plugins/com.st.stm32cube.ide.mcu.externaltools.gnu-tools-for-stm32.13.3.rel1.linux64_1.0.100.202509120712/tools/bin/../lib/gcc/arm-none-eabi/13.3.1/../../../../arm-none-eabi/lib/thumb/v7e-m+fp/hard/libc_nano.a(libc_a-stdio.o) (_lseek_r)
[...]
Memory Configuration

Name             Origin             Length             Attributes
RAM              0x20000000         0x00018000         xrw
FLASH            0x08000000         0x00080000         xr
*default*        0x00000000         0xffffffff

Linker script and memory map

LOAD /opt/st/stm32cubeide_2.0.0/plugins/com.st.stm32cube.ide.mcu.externaltools.gnu-tools-for-stm32.13.3.rel1.linux64_1.0.100.202509120712/tools/bin/../lib/gcc/arm-none-eabi/13.3.1/thumb/v7e-m+fp/hard/crti.o
LOAD /opt/st/stm32cubeide_2.0.0/plugins/com.st.stm32cube.ide.mcu.externaltools.gnu-tools-for-stm32.13.3.rel1.linux64_1.0.100.202509120712/tools/bin/../lib/gcc/arm-none-eabi/13.3.1/thumb/v7e-m+fp/hard/crtbegin.o
LOAD /opt/st/stm32cubeide_2.0.0/plugins/com.st.stm32cube.ide.mcu.externaltools.gnu-tools-for-stm32.13.3.rel1.linux64_1.0.100.202509120712/tools/bin/../lib/gcc/arm-none-eabi/13.3.1/../../../../arm-none-eabi/lib/thumb/v7e-m+fp/hard/crt0.o
LOAD ./CMSIS/Src/system_stm32f4xx.o
LOAD ./Drivers/gpio/Src/gpio_driver.o
LOAD ./Drivers/i2c/Src/i2c_driver.o
LOAD ./Drivers/timers/Src/timers_driver.o
LOAD ./Drivers/usart/Src/usart_driver.o
LOAD ./Src/main.o
LOAD ./Src/syscalls.o
LOAD ./Src/sysmem.o
LOAD ./Startup/startup_stm32f401retx.o
START GROUP
LOAD /opt/st/stm32cubeide_2.0.0/plugins/com.st.stm32cube.ide.mcu.externaltools.gnu-tools-for-stm32.13.3.rel1.linux64_1.0.100.202509120712/tools/bin/../lib/gcc/arm-none-eabi/13.3.1/../../../../arm-none-eabi/lib/thumb/v7e-m+fp/hard/libc_nano.a
LOAD /opt/st/stm32cubeide_2.0.0/plugins/com.st.stm32cube.ide.mcu.externaltools.gnu-tools-for-stm32.13.3.rel1.linux64_1.0.100.202509120712/tools/bin/../lib/gcc/arm-none-eabi/13.3.1/../../../../arm-none-eabi/lib/thumb/v7e-m+fp/hard/libm.a
END GROUP
START GROUP
LOAD /opt/st/stm32cubeide_2.0.0/plugins/com.st.stm32cube.ide.mcu.externaltools.gnu-tools-for-stm32.13.3.rel1.linux64_1.0.100.202509120712/tools/bin/../lib/gcc/arm-none-eabi/13.3.1/thumb/v7e-m+fp/hard/libgcc.a
LOAD /opt/st/stm32cubeide_2.0.0/plugins/com.st.stm32cube.ide.mcu.externaltools.gnu-tools-for-stm32.13.3.rel1.linux64_1.0.100.202509120712/tools/bin/../lib/gcc/arm-none-eabi/13.3.1/../../../../arm-none-eabi/lib/thumb/v7e-m+fp/hard/libc_nano.a
END GROUP
START GROUP
LOAD /opt/st/stm32cubeide_2.0.0/plugins/com.st.stm32cube.ide.mcu.externaltools.gnu-tools-for-stm32.13.3.rel1.linux64_1.0.100.202509120712/tools/bin/../lib/gcc/arm-none-eabi/13.3.1/thumb/v7e-m+fp/hard/libgcc.a
LOAD /opt/st/stm32cubeide_2.0.0/plugins/com.st.stm32cube.ide.mcu.externaltools.gnu-tools-for-stm32.13.3.rel1.linux64_1.0.100.202509120712/tools/bin/../lib/gcc/arm-none-eabi/13.3.1/../../../../arm-none-eabi/lib/thumb/v7e-m+fp/hard/libc_nano.a
LOAD /opt/st/stm32cubeide_2.0.0/plugins/com.st.stm32cube.ide.mcu.externaltools.gnu-tools-for-stm32.13.3.rel1.linux64_1.0.100.202509120712/tools/bin/../lib/gcc/arm-none-eabi/13.3.1/../../../../arm-none-eabi/lib/thumb/v7e-m+fp/hard/libnosys.a
END GROUP
START GROUP
LOAD /opt/st/stm32cubeide_2.0.0/plugins/com.st.stm32cube.ide.mcu.externaltools.gnu-tools-for-stm32.13.3.rel1.linux64_1.0.100.202509120712/tools/bin/../lib/gcc/arm-none-eabi/13.3.1/thumb/v7e-m+fp/hard/libgcc.a
LOAD /opt/st/stm32cubeide_2.0.0/plugins/com.st.stm32cube.ide.mcu.externaltools.gnu-tools-for-stm32.13.3.rel1.linux64_1.0.100.202509120712/tools/bin/../lib/gcc/arm-none-eabi/13.3.1/../../../../arm-none-eabi/lib/thumb/v7e-m+fp/hard/libc_nano.a
LOAD /opt/st/stm32cubeide_2.0.0/plugins/com.st.stm32cube.ide.mcu.externaltools.gnu-tools-for-stm32.13.3.rel1.linux64_1.0.100.202509120712/tools/bin/../lib/gcc/arm-none-eabi/13.3.1/../../../../arm-none-eabi/lib/thumb/v7e-m+fp/hard/libnosys.a
END GROUP
LOAD /opt/st/stm32cubeide_2.0.0/plugins/com.st.stm32cube.ide.mcu.externaltools.gnu-tools-for-stm32.13.3.rel1.linux64_1.0.100.202509120712/tools/bin/../lib/gcc/arm-none-eabi/13.3.1/thumb/v7e-m+fp/hard/crtend.o
LOAD /opt/st/stm32cubeide_2.0.0/plugins/com.st.stm32cube.ide.mcu.externaltools.gnu-tools-for-stm32.13.3.rel1.linux64_1.0.100.202509120712/tools/bin/../lib/gcc/arm-none-eabi/13.3.1/thumb/v7e-m+fp/hard/crtn.o
                0x20018000                        _estack = (ORIGIN (RAM) + LENGTH (RAM))
                0x00000200                        _Min_Heap_Size = 0x200
                0x00000400                        _Min_Stack_Size = 0x400

.isr_vector     0x08000000      0x194
                0x08000000                        . = ALIGN (0x4)
 *(.isr_vector)
 .isr_vector    0x08000000      0x194 ./Startup/startup_stm32f401retx.o
                0x08000000                g_pfnVectors
                0x08000194                        . = ALIGN (0x4)

.text           0x08000194      0x9b0
                0x08000194                        . = ALIGN (0x4)
 *(.text)
 .text          0x08000194       0x40 /opt/st/stm32cubeide_2.0.0/plugins/com.st.stm32cube.ide.mcu.externaltools.gnu-tools-for-stm32.13.3.rel1.linux64_1.0.100.202509120712/tools/bin/../lib/gcc/arm-none-eabi/13.3.1/thumb/v7e-m+fp/hard/crtbegin.o
 *(.text*)
 .text.SystemInit
                0x080001d4       0x24 ./CMSIS/Src/system_stm32f4xx.o
                0x080001d4                SystemInit
 .text.GPIO_ClockEnable
                0x080001f8       0x98 ./Drivers/gpio/Src/gpio_driver.o
                0x080001f8                GPIO_ClockEnable
 .text.GPIO_SetMode
                0x08000290       0x56 ./Drivers/gpio/Src/gpio_driver.o
                0x08000290                GPIO_SetMode
 .text.GPIO_SetOutputType
                0x080002e6       0x50 ./Drivers/gpio/Src/gpio_driver.o
                0x080002e6                GPIO_SetOutputType
 .text.GPIO_SetSpeed
                0x08000336       0x56 ./Drivers/gpio/Src/gpio_driver.o
                0x08000336                GPIO_SetSpeed
 .text.GPIO_SetPull
                0x0800038c       0x56 ./Drivers/gpio/Src/gpio_driver.o
                0x0800038c                GPIO_SetPull
 .text.GPIO_SetAlternateFunction
                0x080003e2       0x7e ./Drivers/gpio/Src/gpio_driver.o
                0x080003e2                GPIO_SetAlternateFunction
 .text.GPIO_TogglePin
                0x08000460       0x4a ./Drivers/gpio/Src/gpio_driver.o
                0x08000460                GPIO_TogglePin
 *fill*         0x080004aa        0x2 
 .text.__NVIC_EnableIRQ
                0x080004ac       0x3c ./Drivers/usart/Src/usart_driver.o
 .text.__NVIC_SetPriority
                0x080004e8       0x54 ./Drivers/usart/Src/usart_driver.o
 .text.USART_ClockEnable
                0x0800053c       0x64 ./Drivers/usart/Src/usart_driver.o
                0x0800053c                USART_ClockEnable
 .text.USART2_Init
                0x080005a0       0xd0 ./Drivers/usart/Src/usart_driver.o
                0x080005a0                USART2_Init
 .text.USART_SendChar
                0x08000670       0x64 ./Drivers/usart/Src/usart_driver.o
                0x08000670                USART_SendChar
 .text.USART_SendString
                0x080006d4       0x34 ./Drivers/usart/Src/usart_driver.o
                0x080006d4                USART_SendString
 .text.USART_ReadChar
                0x08000708       0x5c ./Drivers/usart/Src/usart_driver.o
                0x08000708                USART_ReadChar
 .text.USART2_IRQHandler
                0x08000764       0xe0 ./Drivers/usart/Src/usart_driver.o
                0x08000764                USART2_IRQHandler
 .text.__NVIC_SetPriority
                0x08000844       0x54 ./Src/main.o
 .text.SysTick_Config
                0x08000898       0x44 ./Src/main.o
 .text.SysTick_Handler
                0x080008dc       0x1c ./Src/main.o
                0x080008dc                SysTick_Handler
 .text.delay_ms
                0x080008f8       0x30 ./Src/main.o
                0x080008f8                delay_ms
 .text.uart_sender
                0x08000928      0x140 ./Src/main.o
                0x08000928                uart_sender
 .text.main     0x08000a68       0x28 ./Src/main.o
                0x08000a68                main
 .text.Reset_Handler
                0x08000a90       0x50 ./Startup/startup_stm32f401retx.o
                0x08000a90                Reset_Handler
 .text.Default_Handler
                0x08000ae0        0x2 ./Startup/startup_stm32f401retx.o
                0x08000ae0                EXTI2_IRQHandler
                0x08000ae0                DebugMon_Handler
                0x08000ae0                SPI4_IRQHandler
                0x08000ae0                TIM1_CC_IRQHandler
                0x08000ae0                DMA2_Stream5_IRQHandler
                0x08000ae0                HardFault_Handler
                0x08000ae0                DMA1_Stream5_IRQHandler
                0x08000ae0                SDIO_IRQHandler
                0x08000ae0                TAMP_STAMP_IRQHandler
                0x08000ae0                PendSV_Handler
                0x08000ae0                NMI_Handler
                0x08000ae0                EXTI3_IRQHandler
                0x08000ae0                TIM1_UP_TIM10_IRQHandler
                0x08000ae0                I2C3_ER_IRQHandler
                0x08000ae0                EXTI18_OTG_FS_WKUP_IRQHandler
                0x08000ae0                EXTI0_IRQHandler
                0x08000ae0                I2C2_EV_IRQHandler
                0x08000ae0                DMA1_Stream2_IRQHandler
                0x08000ae0                UsageFault_Handler
                0x08000ae0                DMA2_Stream2_IRQHandler
                0x08000ae0                SPI1_IRQHandler
                0x08000ae0                TIM1_BRK_TIM9_IRQHandler
                0x08000ae0                DMA2_Stream3_IRQHandler
                0x08000ae0                USART6_IRQHandler
                0x08000ae0                DMA2_Stream0_IRQHandler
                0x08000ae0                TIM4_IRQHandler
                0x08000ae0                I2C1_EV_IRQHandler
                0x08000ae0                DMA1_Stream6_IRQHandler
                0x08000ae0                DMA1_Stream1_IRQHandler
                0x08000ae0                TIM3_IRQHandler
                0x08000ae0                RCC_IRQHandler
                0x08000ae0                Default_Handler
                0x08000ae0                EXTI15_10_IRQHandler
                0x08000ae0                ADC_IRQHandler
                0x08000ae0                DMA1_Stream7_IRQHandler
                0x08000ae0                TIM5_IRQHandler
                0x08000ae0                DMA2_Stream7_IRQHandler
                0x08000ae0                I2C3_EV_IRQHandler
                0x08000ae0                EXTI9_5_IRQHandler
                0x08000ae0                SPI2_IRQHandler
                0x08000ae0                MemManage_Handler
                0x08000ae0                DMA1_Stream0_IRQHandler
                0x08000ae0                SVC_Handler
                0x08000ae0                EXTI4_IRQHandler
                0x08000ae0                EXTI22_RTC_WKUP_IRQHandler
                0x08000ae0                TIM2_IRQHandler
                0x08000ae0                EXTI16_PVD_IRQHandler
                0x08000ae0                TIM1_TRG_COM_TIM11_IRQHandler
                0x08000ae0                EXTI1_IRQHandler
                0x08000ae0                EXTI17_RTC_Alarm_IRQHandler
                0x08000ae0                I2C2_ER_IRQHandler
                0x08000ae0                DMA2_Stream1_IRQHandler
                0x08000ae0                FLASH_IRQHandler
                0x08000ae0                DMA2_Stream4_IRQHandler
                0x08000ae0                BusFault_Handler
                0x08000ae0                USART1_IRQHandler
                0x08000ae0                OTG_FS_IRQHandler
                0x08000ae0                SPI3_IRQHandler
                0x08000ae0                DMA1_Stream4_IRQHandler
                0x08000ae0                I2C1_ER_IRQHandler
                0x08000ae0                DMA2_Stream6_IRQHandler
                0x08000ae0                DMA1_Stream3_IRQHandler
 *fill*         0x08000ae2        0x2 
 .text.__libc_init_array
                0x08000ae4       0x48 /opt/st/stm32cubeide_2.0.0/plugins/com.st.stm32cube.ide.mcu.externaltools.gnu-tools-for-stm32.13.3.rel1.linux64_1.0.100.202509120712/tools/bin/../lib/gcc/arm-none-eabi/13.3.1/../../../../arm-none-eabi/lib/thumb/v7e-m+fp/hard/libc_nano.a(libc_a-init.o)
                0x08000ae4                __libc_init_array
 *(.glue_7)
 .glue_7        0x08000b2c        0x0 linker stubs
 *(.glue_7t)
 .glue_7t       0x08000b2c        0x0 linker stubs
 *(.eh_frame)
 .eh_frame      0x08000b2c        0x0 /opt/st/stm32cubeide_2.0.0/plugins/com.st.stm32cube.ide.mcu.externaltools.gnu-tools-for-stm32.13.3.rel1.linux64_1.0.100.202509120712/tools/bin/../lib/gcc/arm-none-eabi/13.3.1/thumb/v7e-m+fp/hard/crtbegin.o
 *(.init)
 .init          0x08000b2c        0x4 /opt/st/stm32cubeide_2.0.0/plugins/com.st.stm32cube.ide.mcu.externaltools.gnu-tools-for-stm32.13.3.rel1.linux64_1.0.100.202509120712/tools/bin/../lib/gcc/arm-none-eabi/13.3.1/thumb/v7e-m+fp/hard/crti.o
                0x08000b2c                _init
 .init          0x08000b30        0x8 /opt/st/stm32cubeide_2.0.0/plugins/com.st.stm32cube.ide.mcu.externaltools.gnu-tools-for-stm32.13.3.rel1.linux64_1.0.100.202509120712/tools/bin/../lib/gcc/arm-none-eabi/13.3.1/thumb/v7e-m+fp/hard/crtn.o
 *(.fini)
 .fini          0x08000b38        0x4 /opt/st/stm32cubeide_2.0.0/plugins/com.st.stm32cube.ide.mcu.externaltools.gnu-tools-for-stm32.13.3.rel1.linux64_1.0.100.202509120712/tools/bin/../lib/gcc/arm-none-eabi/13.3.1/thumb/v7e-m+fp/hard/crti.o
                0x08000b38                _fini
 .fini          0x08000b3c        0x8 /opt/st/stm32cubeide_2.0.0/plugins/com.st.stm32cube.ide.mcu.externaltools.gnu-tools-for-stm32.13.3.rel1.linux64_1.0.100.202509120712/tools/bin/../lib/gcc/arm-none-eabi/13.3.1/thumb/v7e-m+fp/hard/crtn.o
                0x08000b44                        . = ALIGN (0x4)
                0x08000b44                        _etext = .

.vfp11_veneer   0x08000b44        0x0
 .vfp11_veneer  0x08000b44        0x0 linker stubs

.v4_bx          0x08000b44        0x0
 .v4_bx         0x08000b44        0x0 linker stubs

.iplt           0x08000b44        0x0
 .iplt          0x08000b44        0x0 /opt/st/stm32cubeide_2.0.0/plugins/com.st.stm32cube.ide.mcu.externaltools.gnu-tools-for-stm32.13.3.rel1.linux64_1.0.100.202509120712/tools/bin/../lib/gcc/arm-none-eabi/13.3.1/thumb/v7e-m+fp/hard/crtbegin.o

.rodata         0x08000b44       0xdc
                0x08000b44                        . = ALIGN (0x4)
 *(.rodata)
 .rodata        0x08000b44       0xdb ./Src/main.o
 *(.rodata*)
                0x08000c20                        . = ALIGN (0x4)
 *fill*         0x08000c1f        0x1 

.ARM.extab      0x08000c20        0x0
                0x08000c20                        . = ALIGN (0x4)
 *(.ARM.extab* .gnu.linkonce.armextab.*)
                0x08000c20                        . = ALIGN (0x4)

.ARM            0x08000c20        0x0
                0x08000c20                        . = ALIGN (0x4)
                0x08000c20                        __exidx_start = .
 *(.ARM.exidx*)
                0x08000c20                        __exidx_end = .
                0x08000c20                        . = ALIGN (0x4)

.preinit_array  0x08000c20        0x0
                0x08000c20                        . = ALIGN (0x4)
                0x08000c20                        PROVIDE (__preinit_array_start = .)
 *(.preinit_array*)
                0x08000c20                        PROVIDE (__preinit_array_end = .)
                0x08000c20                        . = ALIGN (0x4)

.init_array     0x08000c20        0x4
                0x08000c20                        . = ALIGN (0x4)
                0x08000c20                        PROVIDE (__init_array_start = .)
 *(SORT_BY_NAME(.init_array.*))
 *(.init_array*)
 .init_array    0x08000c20        0x4 /opt/st/stm32cubeide_2.0.0/plugins/com.st.stm32cube.ide.mcu.externaltools.gnu-tools-for-stm32.13.3.rel1.linux64_1.0.100.202509120712/tools/bin/../lib/gcc/arm-none-eabi/13.3.1/thumb/v7e-m+fp/hard/crtbegin.o
                0x08000c24                        PROVIDE (__init_array_end = .)
                0x08000c24                        . = ALIGN (0x4)

.fini_array     0x08000c24        0x4
                0x08000c24                        . = ALIGN (0x4)
                [!provide]                        PROVIDE (__fini_array_start = .)
 *(SORT_BY_NAME(.fini_array.*))
 *(.fini_array*)
 .fini_array    0x08000c24        0x4 /opt/st/stm32cubeide_2.0.0/plugins/com.st.stm32cube.ide.mcu.externaltools.gnu-tools-for-stm32.13.3.rel1.linux64_1.0.100.202509120712/tools/bin/../lib/gcc/arm-none-eabi/13.3.1/thumb/v7e-m+fp/hard/crtbegin.o
                [!provide]                        PROVIDE (__fini_array_end = .)
                0x08000c28                        . = ALIGN (0x4)
                0x08000c28                        _sidata = LOADADDR (.data)

.rel.dyn        0x08000c28        0x0
 .rel.iplt      0x08000c28        0x0 /opt/st/stm32cubeide_2.0.0/plugins/com.st.stm32cube.ide.mcu.externaltools.gnu-tools-for-stm32.13.3.rel1.linux64_1.0.100.202509120712/tools/bin/../lib/gcc/arm-none-eabi/13.3.1/thumb/v7e-m+fp/hard/crtbegin.o

.data           0x20000000        0x4 load address 0x08000c28
                0x20000000                        . = ALIGN (0x4)
                0x20000000                        _sdata = .
 *(.data)
 *(.data*)
 .data.SystemCoreClock
                0x20000000        0x4 ./CMSIS/Src/system_stm32f4xx.o
                0x20000000                SystemCoreClock
 *(.RamFunc)
 *(.RamFunc*)
                0x20000004                        . = ALIGN (0x4)
                0x20000004                        _edata = .

.igot.plt       0x20000004        0x0 load address 0x08000c2c
 .igot.plt      0x20000004        0x0 /opt/st/stm32cubeide_2.0.0/plugins/com.st.stm32cube.ide.mcu.externaltools.gnu-tools-for-stm32.13.3.rel1.linux64_1.0.100.202509120712/tools/bin/../lib/gcc/arm-none-eabi/13.3.1/thumb/v7e-m+fp/hard/crtbegin.o
                0x20000004                        . = ALIGN (0x4)

.bss            0x20000004      0x128 load address 0x08000c2c
                0x20000004                        _sbss = .
                0x20000004                        __bss_start__ = _sbss
 *(.bss)
 .bss           0x20000004       0x1c /opt/st/stm32cubeide_2.0.0/plugins/com.st.stm32cube.ide.mcu.externaltools.gnu-tools-for-stm32.13.3.rel1.linux64_1.0.100.202509120712/tools/bin/../lib/gcc/arm-none-eabi/13.3.1/thumb/v7e-m+fp/hard/crtbegin.o
 *(.bss*)
 .bss.rx_buf    0x20000020       0x80 ./Drivers/usart/Src/usart_driver.o
 .bss.rx_head   0x200000a0        0x1 ./Drivers/usart/Src/usart_driver.o
 .bss.tx_head   0x200000a1        0x1 ./Drivers/usart/Src/usart_driver.o
 *fill*         0x200000a2        0x2 
 .bss.tx_buf    0x200000a4       0x80 ./Drivers/usart/Src/usart_driver.o
 .bss.rx_tail   0x20000124        0x1 ./Drivers/usart/Src/usart_driver.o
 .bss.tx_tail   0x20000125        0x1 ./Drivers/usart/Src/usart_driver.o
 *fill*         0x20000126        0x2 
 .bss.uwTick    0x20000128        0x4 ./Src/main.o
                0x20000128                uwTick
 *(COMMON)
                0x2000012c                        . = ALIGN (0x4)
                0x2000012c                        _ebss = .
                0x2000012c                        __bss_end__ = _ebss

._user_heap_stack
                0x2000012c      0x604 load address 0x08000c2c
                0x20000130                        . = ALIGN (0x8)
 *fill*         0x2000012c        0x4 
                [!provide]                        PROVIDE (end = .)
                0x20000130                        PROVIDE (_end = .)
                0x20000330                        . = (. + _Min_Heap_Size)
 *fill*         0x20000130      0x200 
                0x20000730                        . = (. + _Min_Stack_Size)
 *fill*         0x20000330      0x400 
                0x20000730                        . = ALIGN (0x8)

/DISCARD/
 libc.a(*)
 libm.a(*)
 libgcc.a(*)

.ARM.attributes
                0x00000000       0x30
 *(.ARM.attributes)
 .ARM.attributes
                0x00000000       0x22 /opt/st/stm32cubeide_2.0.0/plugins/com.st.stm32cube.ide.mcu.externaltools.gnu-tools-for-stm32.13.3.rel1.linux64_1.0.100.202509120712/tools/bin/../lib/gcc/arm-none-eabi/13.3.1/thumb/v7e-m+fp/hard/crti.o
 .ARM.attributes
                0x00000022       0x34 /opt/st/stm32cubeide_2.0.0/plugins/com.st.stm32cube.ide.mcu.externaltools.gnu-tools-for-stm32.13.3.rel1.linux64_1.0.100.202509120712/tools/bin/../lib/gcc/arm-none-eabi/13.3.1/thumb/v7e-m+fp/hard/crtbegin.o
 .ARM.attributes
                0x00000056       0x34 ./CMSIS/Src/system_stm32f4xx.o
 .ARM.attributes
                0x0000008a       0x34 ./Drivers/gpio/Src/gpio_driver.o
 .ARM.attributes
                0x000000be       0x34 ./Drivers/usart/Src/usart_driver.o
 .ARM.attributes
                0x000000f2       0x34 ./Src/main.o
 .ARM.attributes
                0x00000126       0x21 ./Startup/startup_stm32f401retx.o
 .ARM.attributes
                0x00000147       0x34 /opt/st/stm32cubeide_2.0.0/plugins/com.st.stm32cube.ide.mcu.externaltools.gnu-tools-for-stm32.13.3.rel1.linux64_1.0.100.202509120712/tools/bin/../lib/gcc/arm-none-eabi/13.3.1/../../../../arm-none-eabi/lib/thumb/v7e-m+fp/hard/libc_nano.a(libc_a-init.o)
 .ARM.attributes
                0x0000017b       0x22 /opt/st/stm32cubeide_2.0.0/plugins/com.st.stm32cube.ide.mcu.externaltools.gnu-tools-for-stm32.13.3.rel1.linux64_1.0.100.202509120712/tools/bin/../lib/gcc/arm-none-eabi/13.3.1/thumb/v7e-m+fp/hard/crtn.o
OUTPUT(silica.elf elf32-littlearm)
LOAD linker stubs
LOAD /opt/st/stm32cubeide_2.0.0/plugins/com.st.stm32cube.ide.mcu.externaltools.gnu-tools-for-stm32.13.3.rel1.linux64_1.0.100.202509120712/tools/bin/../lib/gcc/arm-none-eabi/13.3.1/../../../../arm-none-eabi/lib/thumb/v7e-m+fp/hard/libc.a
LOAD /opt/st/stm32cubeide_2.0.0/plugins/com.st.stm32cube.ide.mcu.externaltools.gnu-tools-for-stm32.13.3.rel1.linux64_1.0.100.202509120712/tools/bin/../lib/gcc/arm-none-eabi/13.3.1/../../../../arm-none-eabi/lib/thumb/v7e-m+fp/hard/libm.a
LOAD /opt/st/stm32cubeide_2.0.0/plugins/com.st.stm32cube.ide.mcu.externaltools.gnu-tools-for-stm32.13.3.rel1.linux64_1.0.100.202509120712/tools/bin/../lib/gcc/arm-none-eabi/13.3.1/thumb/v7e-m+fp/hard/libgcc.a

.debug_info     0x00000000     0x1ec6
 .debug_info    0x00000000      0x537 ./CMSIS/Src/system_stm32f4xx.o
 .debug_info    0x00000537      0x539 ./Drivers/gpio/Src/gpio_driver.o
 .debug_info    0x00000a70      0xb4c ./Drivers/usart/Src/usart_driver.o
 .debug_info    0x000015bc      0x8da ./Src/main.o
 .debug_info    0x00001e96       0x30 ./Startup/startup_stm32f401retx.o

.debug_abbrev   0x00000000      0x703
 .debug_abbrev  0x00000000      0x11a ./CMSIS/Src/system_stm32f4xx.o
 .debug_abbrev  0x0000011a      0x140 ./Drivers/gpio/Src/gpio_driver.o
 .debug_abbrev  0x0000025a      0x219 ./Drivers/usart/Src/usart_driver.o
 .debug_abbrev  0x00000473      0x26c ./Src/main.o
 .debug_abbrev  0x000006df       0x24 ./Startup/startup_stm32f401retx.o

.debug_aranges  0x00000000      0x158
 .debug_aranges
                0x00000000       0x28 ./CMSIS/Src/system_stm32f4xx.o
 .debug_aranges
                0x00000028       0x60 ./Drivers/gpio/Src/gpio_driver.o
 .debug_aranges
                0x00000088       0x58 ./Drivers/usart/Src/usart_driver.o
 .debug_aranges
                0x000000e0       0x50 ./Src/main.o
 .debug_aranges
                0x00000130       0x28 ./Startup/startup_stm32f401retx.o

.debug_rnglists
                0x00000000       0xfa
 .debug_rnglists
                0x00000000       0x1a ./CMSIS/Src/system_stm32f4xx.o
 .debug_rnglists
                0x0000001a       0x44 ./Drivers/gpio/Src/gpio_driver.o
 .debug_rnglists
                0x0000005e       0x3f ./Drivers/usart/Src/usart_driver.o
 .debug_rnglists
                0x0000009d       0x44 ./Src/main.o
 .debug_rnglists
                0x000000e1       0x19 ./Startup/startup_stm32f401retx.o

.debug_macro    0x00000000     0xdec5
 .debug_macro   0x00000000       0xda ./CMSIS/Src/system_stm32f4xx.o
 .debug_macro   0x000000da      0xacc ./CMSIS/Src/system_stm32f4xx.o
 .debug_macro   0x00000ba6       0x2e ./CMSIS/Src/system_stm32f4xx.o
 .debug_macro   0x00000bd4       0x28 ./CMSIS/Src/system_stm32f4xx.o
 .debug_macro   0x00000bfc       0x22 ./CMSIS/Src/system_stm32f4xx.o
 .debug_macro   0x00000c1e       0x8e ./CMSIS/Src/system_stm32f4xx.o
 .debug_macro   0x00000cac       0x51 ./CMSIS/Src/system_stm32f4xx.o
 .debug_macro   0x00000cfd      0x103 ./CMSIS/Src/system_stm32f4xx.o
 .debug_macro   0x00000e00       0x6a ./CMSIS/Src/system_stm32f4xx.o
 .debug_macro   0x00000e6a      0x1df ./CMSIS/Src/system_stm32f4xx.o
 .debug_macro   0x00001049       0x1c ./CMSIS/Src/system_stm32f4xx.o
 .debug_macro   0x00001065       0x22 ./CMSIS/Src/system_stm32f4xx.o
 .debug_macro   0x00001087       0xfb ./CMSIS/Src/system_stm32f4xx.o
 .debug_macro   0x00001182     0x1011 ./CMSIS/Src/system_stm32f4xx.o
 .debug_macro   0x00002193      0x11f ./CMSIS/Src/system_stm32f4xx.o
 .debug_macro   0x000022b2     0xb881 ./CMSIS/Src/system_stm32f4xx.o
 .debug_macro   0x0000db33       0x6d ./CMSIS/Src/system_stm32f4xx.o
 .debug_macro   0x0000dba0       0xce ./Drivers/gpio/Src/gpio_driver.o
 .debug_macro   0x0000dc6e       0x5e ./Drivers/gpio/Src/gpio_driver.o
 .debug_macro   0x0000dccc       0xd7 ./Drivers/usart/Src/usart_driver.o
 .debug_macro   0x0000dda3       0x16 ./Drivers/usart/Src/usart_driver.o
 .debug_macro   0x0000ddb9       0xda ./Src/main.o
 .debug_macro   0x0000de93       0x16 ./Src/main.o
 .debug_macro   0x0000dea9       0x1c ./Src/main.o

.debug_line     0x00000000     0x17a9
 .debug_line    0x00000000      0x48d ./CMSIS/Src/system_stm32f4xx.o
 .debug_line    0x0000048d      0x65d ./Drivers/gpio/Src/gpio_driver.o
 .debug_line    0x00000aea      0x664 ./Drivers/usart/Src/usart_driver.o
 .debug_line    0x0000114e      0x5e0 ./Src/main.o
 .debug_line    0x0000172e       0x7b ./Startup/startup_stm32f401retx.o

.debug_str      0x00000000    0x50125
 .debug_str     0x00000000    0x50125 ./CMSIS/Src/system_stm32f4xx.o
                              0x4fa38 (size before relaxing)
 .debug_str     0x00050125        0x0 ./Drivers/gpio/Src/gpio_driver.o
                              0x4f43b (size before relaxing)
 .debug_str     0x00050125        0x0 ./Drivers/usart/Src/usart_driver.o
                              0x4f96c (size before relaxing)
 .debug_str     0x00050125        0x0 ./Src/main.o
                              0x4f891 (size before relaxing)
 .debug_str     0x00050125        0x0 ./Startup/startup_stm32f401retx.o
                                 0x5e (size before relaxing)

.comment        0x00000000       0x43
 .comment       0x00000000       0x43 ./CMSIS/Src/system_stm32f4xx.o
                                 0x44 (size before relaxing)
 .comment       0x00000043        0x0 ./Drivers/gpio/Src/gpio_driver.o
                                 0x44 (size before relaxing)
 .comment       0x00000043        0x0 ./Drivers/usart/Src/usart_driver.o
                                 0x44 (size before relaxing)
 .comment       0x00000043        0x0 ./Src/main.o
                                 0x44 (size before relaxing)

.debug_frame    0x00000000      0x440
 .debug_frame   0x00000000       0x58 ./CMSIS/Src/system_stm32f4xx.o
 .debug_frame   0x00000058      0x178 ./Drivers/gpio/Src/gpio_driver.o
 .debug_frame   0x000001d0      0x148 ./Drivers/usart/Src/usart_driver.o
 .debug_frame   0x00000318       0xfc ./Src/main.o
 .debug_frame   0x00000414       0x2c /opt/st/stm32cubeide_2.0.0/plugins/com.st.stm32cube.ide.mcu.externaltools.gnu-tools-for-stm32.13.3.rel1.linux64_1.0.100.202509120712/tools/bin/../lib/gcc/arm-none-eabi/13.3.1/../../../../arm-none-eabi/lib/thumb/v7e-m+fp/hard/libc_nano.a(libc_a-init.o)

.debug_line_str
                0x00000000       0x42
 .debug_line_str
                0x00000000       0x42 ./Startup/startup_stm32f401retx.o
