Archive member included to satisfy reference by file (symbol)

/opt/st/stm32cubeide_2.0.0/plugins/com.st.stm32cube.ide.mcu.externaltools.gnu-tools-for-stm32.13.3.rel1.linux64_1.0.100.202509120712/tools/bin/../lib/gcc/arm-none-eabi/13.3.1/../../../../arm-none-eabi/lib/thumb/v7e-m+fp/hard/libc_nano.a(libc_a-exit.o)
                              /opt/st/stm32cubeide_2.0.0/plugins/com.st.stm32cube.ide.mcu.externaltools.gnu-tools-for-stm32.13.3.rel1.linux64_1.0.100.202509120712/tools/bin/../lib/gcc/arm-none-eabi/13.3.1/../../../../arm-none-eabi/lib/thumb/v7e-m+fp/hard/crt0.o (exit)
/opt/st/stm32cubeide_2.0.0/plugins/com.st.stm32cube.ide.mcu.externaltools.gnu-tools-for-stm32.13.3.rel1.linux64_1.0.100.202509120712/tools/bin/../lib/gcc/arm-none-eabi/13.3.1/../../../../arm-none-eabi/lib/thumb/v7e-m+fp/hard/libc_nano.a(libc_a-findfp.o)
                              /opt/st/stm32cubeide_2.0.0/plugins/com.st.stm32cube.ide.mcu.externaltools.gnu-tools-for-stm32.13.3.rel1.linux64_1.0.100.202509120712/tools/bin/../lib/gcc/arm-none-eabi/13.3.1/../../../../arm-none-eabi/lib/thumb/v7e-m+fp/hard/libc_nano.a(libc_a-exit.o) (__stdio_exit_handler)
/opt/st/stm32cubeide_2.0.0/plugins/com.st.stm32cube.ide.mcu.externaltools.gnu-tools-for-stm32.13.3.rel1.linux64_1.0.100.202509120712/tools/bin/../lib/gcc/arm-none-eabi/13.3.1/../../../../arm-none-eabi/lib/thumb/v7e-m+fp/hard/libc_nano.a(libc_a-fwalk.o)
                              /opt/st/stm32cubeide_2.0.0/plugins/com.st.stm32cube.ide.mcu.externaltools.gnu-tools-for-stm32.13.3.rel1.linux64_1.0.100.202509120712/tools/bin/../lib/gcc/arm-none-eabi/13.3.1/../../../../arm-none-eabi/lib/thumb/v7e-m+fp/hard/libc_nano.a(libc_a-findfp.o) (_fwalk_sglue)
/opt/st/stm32cubeide_2.0.0/plugins/com.st.stm32cube.ide.mcu.externaltools.gnu-tools-for-stm32.13.3.rel1.linux64_1.0.100.202509120712/tools/bin/../lib/gcc/arm-none-eabi/13.3.1/../../../../arm-none-eabi/lib/thumb/v7e-m+fp/hard/libc_nano.a(libc_a-stdio.o)
                              /opt/st/stm32cubeide_2.0.0/plugins/com.st.stm32cube.ide.mcu.externaltools.gnu-tools-for-stm32.13.3.rel1.linux64_1.0.100.202509120712/tools/bin/../lib/gcc/arm-none-eabi/13.3.1/../../../../arm-none-eabi/lib/thumb/v7e-m+fp/hard/libc_nano.a(libc_a-findfp.o) (__sread)
/opt/st/stm32cubeide_2.0.0/plugins/com.st.stm32cube.ide.mcu.externaltools.gnu-tools-for-stm32.13.3.rel1.linux64_1.0.100.202509120712/tools/bin/../lib/gcc/arm-none-eabi/13.3.1/../../../../arm-none-eabi/lib/thumb/v7e-m+fp/hard/libc_nano.a(libc_a-memset.o)
                              /opt/st/stm32cubeide_2.0.0/plugins/com.st.stm32cube.ide.mcu.externaltools.gnu-tools-for-stm32.13.3.rel1.linux64_1.0.100.202509120712/tools/bin/../lib/gcc/arm-none-eabi/13.3.1/../../../../arm-none-eabi/lib/thumb/v7e-m+fp/hard/crt0.o (memset)
/opt/st/stm32cubeide_2.0.0/plugins/com.st.stm32cube.ide.mcu.externaltools.gnu-tools-for-stm32.13.3.rel1.linux64_1.0.100.202509120712/tools/bin/../lib/gcc/arm-none-eabi/13.3.1/../../../../arm-none-eabi/lib/thumb/v7e-m+fp/hard/libc_nano.a(libc_a-closer.o)
                              /opt/st/stm32cubeide_2.0.0/plugins/com.st.stm32cube.ide.mcu.externaltools.gnu-tools-for-stm32.13.3.rel1.linux64_1.0.100.202509120712/tools/bin/../lib/gcc/arm-none-eabi/13.3.1/../../../../arm-none-eabi/lib/thumb/v7e-m+fp/hard/libc_nano.a(libc_a-stdio.o) (_close_r)
/opt/st/stm32cubeide_2.0.0/plugins/com.st.stm32cube.ide.mcu.externaltools.gnu-tools-for-stm32.13.3.rel1.linux64_1.0.100.202509120712/tools/bin/../lib/gcc/arm-none-eabi/13.3.1/../../../../arm-none-eabi/lib/thumb/v7e-m+fp/hard/libc_nano.a(libc_a-reent.o)
                              /opt/st/stm32cubeide_2.0.0/plugins/com.st.stm32cube.ide.mcu.externaltools.gnu-tools-for-stm32.13.3.rel1.linux64_1.0.100.202509120712/tools/bin/../lib/gcc/arm-none-eabi/13.3.1/../../../../arm-none-eabi/lib/thumb/v7e-m+fp/hard/libc_nano.a(libc_a-closer.o) (errno)
/opt/st/stm32cubeide_2.0.0/plugins/com.st.stm32cube.ide.mcu.externaltools.gnu-tools-for-stm32.13.3.rel1.linux64_1.0.100.202509120712/tools/bin/../lib/gcc/arm-none-eabi/13.3.1/../../../../arm-none-eabi/lib/thumb/v7e-m+fp/hard/libc_nano.a(libc_a-impure.o)
                              /opt/st/stm32cubeide_2.0.0/plugins/com.st.stm32cube.ide.mcu.externaltools.gnu-tools-for-stm32.13.3.rel1.linux64_1.0.100.202509120712/tools/bin/../lib/gcc/arm-none-eabi/13.3.1/../../../../arm-none-eabi/lib/thumb/v7e-m+fp/hard/libc_nano.a(libc_a-reent.o) (_impure_ptr)
/opt/st/stm32cubeide_2.0.0/plugins/com.st.stm32cube.ide.mcu.externaltools.gnu-tools-for-stm32.13.3.rel1.linux64_1.0.100.202509120712/tools/bin/../lib/gcc/arm-none-eabi/13.3.1/../../../../arm-none-eabi/lib/thumb/v7e-m+fp/hard/libc_nano.a(libc_a-lseekr.o)
                              /opt/st/stm32cubeide_2.0.0/plugins/com.st.stm32cube.ide.mcu.externaltools.gnu-tools-for-stm32.13.3.rel1.linux64_1.0.100.202509120712/tools/bin/../lib/gcc/arm-none-eabi/13.3.1/../../../../arm-none-eabi/lib/thumb/v7e-m+fp/hard/libc_nano.a(libc_a-stdio.o) (_lseek_r)
[...]
Memory Configuration

Name             Origin             Length             Attributes
RAM              0x20000000         0x00018000         xrw
FLASH            0x08000000         0x00080000         xr
*default*        0x00000000         0xffffffff

Linker script and memory map

LOAD /opt/st/stm32cubeide_2.0.0/plugins/com.st.stm32cube.ide.mcu.externaltools.gnu-tools-for-stm32.13.3.rel1.linux64_1.0.100.202509120712/tools/bin/../lib/gcc/arm-none-eabi/13.3.1/thumb/v7e-m+fp/hard/crti.o
LOAD /opt/st/stm32cubeide_2.0.0/plugins/com.st.stm32cube.ide.mcu.externaltools.gnu-tools-for-stm32.13.3.rel1.linux64_1.0.100.202509120712/tools/bin/../lib/gcc/arm-none-eabi/13.3.1/thumb/v7e-m+fp/hard/crtbegin.o
LOAD /opt/st/stm32cubeide_2.0.0/plugins/com.st.stm32cube.ide.mcu.externaltools.gnu-tools-for-stm32.13.3.rel1.linux64_1.0.100.202509120712/tools/bin/../lib/gcc/arm-none-eabi/13.3.1/../../../../arm-none-eabi/lib/thumb/v7e-m+fp/hard/crt0.o
LOAD ./CMSIS/Src/system_stm32f4xx.o
LOAD ./Drivers/gpio/Src/gpio_driver.o
LOAD ./Drivers/i2c/Src/i2c_driver.o
LOAD ./Drivers/timers/Src/timers_driver.o
LOAD ./Drivers/usart/Src/usart_driver.o
LOAD ./Src/main.o
LOAD ./Src/syscalls.o
LOAD ./Src/sysmem.o
LOAD ./Startup/startup_stm32f401retx.o
START GROUP
LOAD /opt/st/stm32cubeide_2.0.0/plugins/com.st.stm32cube.ide.mcu.externaltools.gnu-tools-for-stm32.13.3.rel1.linux64_1.0.100.202509120712/tools/bin/../lib/gcc/arm-none-eabi/13.3.1/../../../../arm-none-eabi/lib/thumb/v7e-m+fp/hard/libc_nano.a
LOAD /opt/st/stm32cubeide_2.0.0/plugins/com.st.stm32cube.ide.mcu.externaltools.gnu-tools-for-stm32.13.3.rel1.linux64_1.0.100.202509120712/tools/bin/../lib/gcc/arm-none-eabi/13.3.1/../../../../arm-none-eabi/lib/thumb/v7e-m+fp/hard/libm.a
END GROUP
START GROUP
LOAD /opt/st/stm32cubeide_2.0.0/plugins/com.st.stm32cube.ide.mcu.externaltools.gnu-tools-for-stm32.13.3.rel1.linux64_1.0.100.202509120712/tools/bin/../lib/gcc/arm-none-eabi/13.3.1/thumb/v7e-m+fp/hard/libgcc.a
LOAD /opt/st/stm32cubeide_2.0.0/plugins/com.st.stm32cube.ide.mcu.externaltools.gnu-tools-for-stm32.13.3.rel1.linux64_1.0.100.202509120712/tools/bin/../lib/gcc/arm-none-eabi/13.3.1/../../../../arm-none-eabi/lib/thumb/v7e-m+fp/hard/libc_nano.a
END GROUP
START GROUP
LOAD /opt/st/stm32cubeide_2.0.0/plugins/com.st.stm32cube.ide.mcu.externaltools.gnu-tools-for-stm32.13.3.rel1.linux64_1.0.100.202509120712/tools/bin/../lib/gcc/arm-none-eabi/13.3.1/thumb/v7e-m+fp/hard/libgcc.a
LOAD /opt/st/stm32cubeide_2.0.0/plugins/com.st.stm32cube.ide.mcu.externaltools.gnu-tools-for-stm32.13.3.rel1.linux64_1.0.100.202509120712/tools/bin/../lib/gcc/arm-none-eabi/13.3.1/../../../../arm-none-eabi/lib/thumb/v7e-m+fp/hard/libc_nano.a
LOAD /opt/st/stm32cubeide_2.0.0/plugins/com.st.stm32cube.ide.mcu.externaltools.gnu-tools-for-stm32.13.3.rel1.linux64_1.0.100.202509120712/tools/bin/../lib/gcc/arm-none-eabi/13.3.1/../../../../arm-none-eabi/lib/thumb/v7e-m+fp/hard/libnosys.a
END GROUP
START GROUP
LOAD /opt/st/stm32cubeide_2.0.0/plugins/com.st.stm32cube.ide.mcu.externaltools.gnu-tools-for-stm32.13.3.rel1.linux64_1.0.100.202509120712/tools/bin/../lib/gcc/arm-none-eabi/13.3.1/thumb/v7e-m+fp/hard/libgcc.a
LOAD /opt/st/stm32cubeide_2.0.0/plugins/com.st.stm32cube.ide.mcu.externaltools.gnu-tools-for-stm32.13.3.rel1.linux64_1.0.100.202509120712/tools/bin/../lib/gcc/arm-none-eabi/13.3.1/../../../../arm-none-eabi/lib/thumb/v7e-m+fp/hard/libc_nano.a
LOAD /opt/st/stm32cubeide_2.0.0/plugins/com.st.stm32cube.ide.mcu.externaltools.gnu-tools-for-stm32.13.3.rel1.linux64_1.0.100.202509120712/tools/bin/../lib/gcc/arm-none-eabi/13.3.1/../../../../arm-none-eabi/lib/thumb/v7e-m+fp/hard/libnosys.a
END GROUP
LOAD /opt/st/stm32cubeide_2.0.0/plugins/com.st.stm32cube.ide.mcu.externaltools.gnu-tools-for-stm32.13.3.rel1.linux64_1.0.100.202509120712/tools/bin/../lib/gcc/arm-none-eabi/13.3.1/thumb/v7e-m+fp/hard/crtend.o
LOAD /opt/st/stm32cubeide_2.0.0/plugins/com.st.stm32cube.ide.mcu.externaltools.gnu-tools-for-stm32.13.3.rel1.linux64_1.0.100.202509120712/tools/bin/../lib/gcc/arm-none-eabi/13.3.1/thumb/v7e-m+fp/hard/crtn.o
                0x20018000                        _estack = (ORIGIN (RAM) + LENGTH (RAM))
                0x00000200                        _Min_Heap_Size = 0x200
                0x00000400                        _Min_Stack_Size = 0x400

.isr_vector     0x08000000      0x194
                0x08000000                        . = ALIGN (0x4)
 *(.isr_vector)
 .isr_vector    0x08000000      0x194 ./Startup/startup_stm32f401retx.o
                0x08000000                g_pfnVectors
                0x08000194                        . = ALIGN (0x4)

.text           0x08000194     0x1188
                0x08000194                        . = ALIGN (0x4)
 *(.text)
 .text          0x08000194       0x40 /opt/st/stm32cubeide_2.0.0/plugins/com.st.stm32cube.ide.mcu.externaltools.gnu-tools-for-stm32.13.3.rel1.linux64_1.0.100.202509120712/tools/bin/../lib/gcc/arm-none-eabi/13.3.1/thumb/v7e-m+fp/hard/crtbegin.o
 *(.text*)
 .text.SystemInit
                0x080001d4       0x24 ./CMSIS/Src/system_stm32f4xx.o
                0x080001d4                SystemInit
 .text.GPIO_ClockEnable
                0x080001f8       0x98 ./Drivers/gpio/Src/gpio_driver.o
                0x080001f8                GPIO_ClockEnable
 .text.GPIO_SetMode
                0x08000290       0x56 ./Drivers/gpio/Src/gpio_driver.o
                0x08000290                GPIO_SetMode
 .text.GPIO_SetOutputType
                0x080002e6       0x50 ./Drivers/gpio/Src/gpio_driver.o
                0x080002e6                GPIO_SetOutputType
 .text.GPIO_SetSpeed
                0x08000336       0x56 ./Drivers/gpio/Src/gpio_driver.o
                0x08000336                GPIO_SetSpeed
 .text.GPIO_SetPull
                0x0800038c       0x56 ./Drivers/gpio/Src/gpio_driver.o
                0x0800038c                GPIO_SetPull
 .text.GPIO_SetAlternateFunction
                0x080003e2       0x7e ./Drivers/gpio/Src/gpio_driver.o
                0x080003e2                GPIO_SetAlternateFunction
 .text.__NVIC_EnableIRQ
                0x08000460       0x3c ./Drivers/i2c/Src/i2c_driver.o
 .text.__NVIC_SetPriority
                0x0800049c       0x54 ./Drivers/i2c/Src/i2c_driver.o
 .text.I2C_ClockEnable
                0x080004f0       0x64 ./Drivers/i2c/Src/i2c_driver.o
                0x080004f0                I2C_ClockEnable
 .text.I2C1_Init
                0x08000554       0xf8 ./Drivers/i2c/Src/i2c_driver.o
                0x08000554                I2C1_Init
 .text.I2C1_GetState
                0x0800064c       0x18 ./Drivers/i2c/Src/i2c_driver.o
                0x0800064c                I2C1_GetState
 .text.I2C_write
                0x08000664       0x7c ./Drivers/i2c/Src/i2c_driver.o
                0x08000664                I2C_write
 .text.I2C_read
                0x080006e0       0x84 ./Drivers/i2c/Src/i2c_driver.o
                0x080006e0                I2C_read
 .text.I2C_write_then_read
                0x08000764       0x4e ./Drivers/i2c/Src/i2c_driver.o
                0x08000764                I2C_write_then_read
 *fill*         0x080007b2        0x2 
 .text.I2C1_EV_IRQHandler
                0x080007b4      0x164 ./Drivers/i2c/Src/i2c_driver.o
                0x080007b4                I2C1_EV_IRQHandler
 .text.I2C1_ER_IRQHandler
                0x08000918       0x30 ./Drivers/i2c/Src/i2c_driver.o
                0x08000918                I2C1_ER_IRQHandler
 .text.__NVIC_EnableIRQ
                0x08000948       0x3c ./Drivers/usart/Src/usart_driver.o
 .text.__NVIC_SetPriority
                0x08000984       0x54 ./Drivers/usart/Src/usart_driver.o
 .text.USART_ClockEnable
                0x080009d8       0x64 ./Drivers/usart/Src/usart_driver.o
                0x080009d8                USART_ClockEnable
 .text.USART2_Init
                0x08000a3c       0xd0 ./Drivers/usart/Src/usart_driver.o
                0x08000a3c                USART2_Init
 .text.USART_SendChar
                0x08000b0c       0x64 ./Drivers/usart/Src/usart_driver.o
                0x08000b0c                USART_SendChar
 .text.USART_SendString
                0x08000b70       0x34 ./Drivers/usart/Src/usart_driver.o
                0x08000b70                USART_SendString
 .text.USART2_IRQHandler
                0x08000ba4       0xe0 ./Drivers/usart/Src/usart_driver.o
                0x08000ba4                USART2_IRQHandler
 .text.__NVIC_SetPriority
                0x08000c84       0x54 ./Src/main.o
 .text.SysTick_Config
                0x08000cd8       0x44 ./Src/main.o
 .text.SysTick_Handler
                0x08000d1c       0x1c ./Src/main.o
                0x08000d1c                SysTick_Handler
 .text.delay_ms
                0x08000d38       0x30 ./Src/main.o
                0x08000d38                delay_ms
 .text.send_int
                0x08000d68       0xa0 ./Src/main.o
                0x08000d68                send_int
 .text.bmp280_compensate_T_int32
                0x08000e08       0x84 ./Src/main.o
                0x08000e08                bmp280_compensate_T_int32
 .text.bmp280_compensate_P_int32
                0x08000e8c      0x160 ./Src/main.o
                0x08000e8c                bmp280_compensate_P_int32
 .text.sensor   0x08000fec      0x254 ./Src/main.o
                0x08000fec                sensor
 .text.main     0x08001240       0x28 ./Src/main.o
                0x08001240                main
 .text.Reset_Handler
                0x08001268       0x50 ./Startup/startup_stm32f401retx.o
                0x08001268                Reset_Handler
 .text.Default_Handler
                0x080012b8        0x2 ./Startup/startup_stm32f401retx.o
                0x080012b8                EXTI2_IRQHandler
                0x080012b8                DebugMon_Handler
                0x080012b8                SPI4_IRQHandler
                0x080012b8                TIM1_CC_IRQHandler
                0x080012b8                DMA2_Stream5_IRQHandler
                0x080012b8                HardFault_Handler
                0x080012b8                DMA1_Stream5_IRQHandler
                0x080012b8                SDIO_IRQHandler
                0x080012b8                TAMP_STAMP_IRQHandler
                0x080012b8                PendSV_Handler
                0x080012b8                NMI_Handler
                0x080012b8                EXTI3_IRQHandler
                0x080012b8                TIM1_UP_TIM10_IRQHandler
                0x080012b8                I2C3_ER_IRQHandler
                0x080012b8                EXTI18_OTG_FS_WKUP_IRQHandler
                0x080012b8                EXTI0_IRQHandler
                0x080012b8                I2C2_EV_IRQHandler
                0x080012b8                DMA1_Stream2_IRQHandler
                0x080012b8                UsageFault_Handler
                0x080012b8                DMA2_Stream2_IRQHandler
                0x080012b8                SPI1_IRQHandler
                0x080012b8                TIM1_BRK_TIM9_IRQHandler
                0x080012b8                DMA2_Stream3_IRQHandler
                0x080012b8                USART6_IRQHandler
                0x080012b8                DMA2_Stream0_IRQHandler
                0x080012b8                TIM4_IRQHandler
                0x080012b8                DMA1_Stream6_IRQHandler
                0x080012b8                DMA1_Stream1_IRQHandler
                0x080012b8                TIM3_IRQHandler
                0x080012b8                RCC_IRQHandler
                0x080012b8                Default_Handler
                0x080012b8                EXTI15_10_IRQHandler
                0x080012b8                ADC_IRQHandler
                0x080012b8                DMA1_Stream7_IRQHandler
                0x080012b8                TIM5_IRQHandler
                0x080012b8                DMA2_Stream7_IRQHandler
                0x080012b8                I2C3_EV_IRQHandler
                0x080012b8                EXTI9_5_IRQHandler
                0x080012b8                SPI2_IRQHandler
                0x080012b8                MemManage_Handler
                0x080012b8                DMA1_Stream0_IRQHandler
                0x080012b8                SVC_Handler
                0x080012b8                EXTI4_IRQHandler
                0x080012b8                EXTI22_RTC_WKUP_IRQHandler
                0x080012b8                TIM2_IRQHandler
                0x080012b8                EXTI16_PVD_IRQHandler
                0x080012b8                TIM1_TRG_COM_TIM11_IRQHandler
                0x080012b8                EXTI1_IRQHandler
                0x080012b8                EXTI17_RTC_Alarm_IRQHandler
                0x080012b8                I2C2_ER_IRQHandler
                0x080012b8                DMA2_Stream1_IRQHandler
                0x080012b8                FLASH_IRQHandler
                0x080012b8                DMA2_Stream4_IRQHandler
                0x080012b8                BusFault_Handler
                0x080012b8                USART1_IRQHandler
                0x080012b8                OTG_FS_IRQHandler
                0x080012b8                SPI3_IRQHandler
                0x080012b8                DMA1_Stream4_IRQHandler
                0x080012b8                DMA2_Stream6_IRQHandler
                0x080012b8                DMA1_Stream3_IRQHandler
 *fill*         0x080012ba        0x2 
 .text.__libc_init_array
                0x080012bc       0x48 /opt/st/stm32cubeide_2.0.0/plugins/com.st.stm32cube.ide.mcu.externaltools.gnu-tools-for-stm32.13.3.rel1.linux64_1.0.100.202509120712/tools/bin/../lib/gcc/arm-none-eabi/13.3.1/../../../../arm-none-eabi/lib/thumb/v7e-m+fp/hard/libc_nano.a(libc_a-init.o)
                0x080012bc                __libc_init_array
 *(.glue_7)
 .glue_7        0x08001304        0x0 linker stubs
 *(.glue_7t)
 .glue_7t       0x08001304        0x0 linker stubs
 *(.eh_frame)
 .eh_frame      0x08001304        0x0 /opt/st/stm32cubeide_2.0.0/plugins/com.st.stm32cube.ide.mcu.externaltools.gnu-tools-for-stm32.13.3.rel1.linux64_1.0.100.202509120712/tools/bin/../lib/gcc/arm-none-eabi/13.3.1/thumb/v7e-m+fp/hard/crtbegin.o
 *(.init)
 .init          0x08001304        0x4 /opt/st/stm32cubeide_2.0.0/plugins/com.st.stm32cube.ide.mcu.externaltools.gnu-tools-for-stm32.13.3.rel1.linux64_1.0.100.202509120712/tools/bin/../lib/gcc/arm-none-eabi/13.3.1/thumb/v7e-m+fp/hard/crti.o
                0x08001304                _init
 .init          0x08001308        0x8 /opt/st/stm32cubeide_2.0.0/plugins/com.st.stm32cube.ide.mcu.externaltools.gnu-tools-for-stm32.13.3.rel1.linux64_1.0.100.202509120712/tools/bin/../lib/gcc/arm-none-eabi/13.3.1/thumb/v7e-m+fp/hard/crtn.o
 *(.fini)
 .fini          0x08001310        0x4 /opt/st/stm32cubeide_2.0.0/plugins/com.st.stm32cube.ide.mcu.externaltools.gnu-tools-for-stm32.13.3.rel1.linux64_1.0.100.202509120712/tools/bin/../lib/gcc/arm-none-eabi/13.3.1/thumb/v7e-m+fp/hard/crti.o
                0x08001310                _fini
 .fini          0x08001314        0x8 /opt/st/stm32cubeide_2.0.0/plugins/com.st.stm32cube.ide.mcu.externaltools.gnu-tools-for-stm32.13.3.rel1.linux64_1.0.100.202509120712/tools/bin/../lib/gcc/arm-none-eabi/13.3.1/thumb/v7e-m+fp/hard/crtn.o
                0x0800131c                        . = ALIGN (0x4)
                0x0800131c                        _etext = .

.vfp11_veneer   0x0800131c        0x0
 .vfp11_veneer  0x0800131c        0x0 linker stubs

.v4_bx          0x0800131c        0x0
 .v4_bx         0x0800131c        0x0 linker stubs

.iplt           0x0800131c        0x0
 .iplt          0x0800131c        0x0 /opt/st/stm32cubeide_2.0.0/plugins/com.st.stm32cube.ide.mcu.externaltools.gnu-tools-for-stm32.13.3.rel1.linux64_1.0.100.202509120712/tools/bin/../lib/gcc/arm-none-eabi/13.3.1/thumb/v7e-m+fp/hard/crtbegin.o

.rodata         0x0800131c      0x108
                0x0800131c                        . = ALIGN (0x4)
 *(.rodata)
 .rodata        0x0800131c      0x106 ./Src/main.o
 *(.rodata*)
                0x08001424                        . = ALIGN (0x4)
 *fill*         0x08001422        0x2 

.ARM.extab      0x08001424        0x0
                0x08001424                        . = ALIGN (0x4)
 *(.ARM.extab* .gnu.linkonce.armextab.*)
                0x08001424                        . = ALIGN (0x4)

.ARM            0x08001424        0x0
                0x08001424                        . = ALIGN (0x4)
                0x08001424                        __exidx_start = .
 *(.ARM.exidx*)
                0x08001424                        __exidx_end = .
                0x08001424                        . = ALIGN (0x4)

.preinit_array  0x08001424        0x0
                0x08001424                        . = ALIGN (0x4)
                0x08001424                        PROVIDE (__preinit_array_start = .)
 *(.preinit_array*)
                0x08001424                        PROVIDE (__preinit_array_end = .)
                0x08001424                        . = ALIGN (0x4)

.init_array     0x08001424        0x4
                0x08001424                        . = ALIGN (0x4)
                0x08001424                        PROVIDE (__init_array_start = .)
 *(SORT_BY_NAME(.init_array.*))
 *(.init_array*)
 .init_array    0x08001424        0x4 /opt/st/stm32cubeide_2.0.0/plugins/com.st.stm32cube.ide.mcu.externaltools.gnu-tools-for-stm32.13.3.rel1.linux64_1.0.100.202509120712/tools/bin/../lib/gcc/arm-none-eabi/13.3.1/thumb/v7e-m+fp/hard/crtbegin.o
                0x08001428                        PROVIDE (__init_array_end = .)
                0x08001428                        . = ALIGN (0x4)

.fini_array     0x08001428        0x4
                0x08001428                        . = ALIGN (0x4)
                [!provide]                        PROVIDE (__fini_array_start = .)
 *(SORT_BY_NAME(.fini_array.*))
 *(.fini_array*)
 .fini_array    0x08001428        0x4 /opt/st/stm32cubeide_2.0.0/plugins/com.st.stm32cube.ide.mcu.externaltools.gnu-tools-for-stm32.13.3.rel1.linux64_1.0.100.202509120712/tools/bin/../lib/gcc/arm-none-eabi/13.3.1/thumb/v7e-m+fp/hard/crtbegin.o
                [!provide]                        PROVIDE (__fini_array_end = .)
                0x0800142c                        . = ALIGN (0x4)
                0x0800142c                        _sidata = LOADADDR (.data)

.rel.dyn        0x0800142c        0x0
 .rel.iplt      0x0800142c        0x0 /opt/st/stm32cubeide_2.0.0/plugins/com.st.stm32cube.ide.mcu.externaltools.gnu-tools-for-stm32.13.3.rel1.linux64_1.0.100.202509120712/tools/bin/../lib/gcc/arm-none-eabi/13.3.1/thumb/v7e-m+fp/hard/crtbegin.o

.data           0x20000000        0x4 load address 0x0800142c
                0x20000000                        . = ALIGN (0x4)
                0x20000000                        _sdata = .
 *(.data)
 *(.data*)
 .data.SystemCoreClock
                0x20000000        0x4 ./CMSIS/Src/system_stm32f4xx.o
                0x20000000                SystemCoreClock
 *(.RamFunc)
 *(.RamFunc*)
                0x20000004                        . = ALIGN (0x4)
                0x20000004                        _edata = .

.igot.plt       0x20000004        0x0 load address 0x08001430
 .igot.plt      0x20000004        0x0 /opt/st/stm32cubeide_2.0.0/plugins/com.st.stm32cube.ide.mcu.externaltools.gnu-tools-for-stm32.13.3.rel1.linux64_1.0.100.202509120712/tools/bin/../lib/gcc/arm-none-eabi/13.3.1/thumb/v7e-m+fp/hard/crtbegin.o
                0x20000004                        . = ALIGN (0x4)

.bss            0x20000004      0x154 load address 0x08001430
                0x20000004                        _sbss = .
                0x20000004                        __bss_start__ = _sbss
 *(.bss)
 .bss           0x20000004       0x1c /opt/st/stm32cubeide_2.0.0/plugins/com.st.stm32cube.ide.mcu.externaltools.gnu-tools-for-stm32.13.3.rel1.linux64_1.0.100.202509120712/tools/bin/../lib/gcc/arm-none-eabi/13.3.1/thumb/v7e-m+fp/hard/crtbegin.o
 *(.bss*)
 .bss.i2c_state
                0x20000020        0x1 ./Drivers/i2c/Src/i2c_driver.o
 *fill*         0x20000021        0x3 
 .bss.i2c_buf   0x20000024        0x4 ./Drivers/i2c/Src/i2c_driver.o
 .bss.i2c_len   0x20000028        0x2 ./Drivers/i2c/Src/i2c_driver.o
 .bss.i2c_index
                0x2000002a        0x2 ./Drivers/i2c/Src/i2c_driver.o
 .bss.i2c_addr  0x2000002c        0x1 ./Drivers/i2c/Src/i2c_driver.o
 *fill*         0x2000002d        0x3 
 .bss.rx_buf    0x20000030       0x80 ./Drivers/usart/Src/usart_driver.o
 .bss.rx_head   0x200000b0        0x1 ./Drivers/usart/Src/usart_driver.o
 .bss.tx_head   0x200000b1        0x1 ./Drivers/usart/Src/usart_driver.o
 *fill*         0x200000b2        0x2 
 .bss.tx_buf    0x200000b4       0x80 ./Drivers/usart/Src/usart_driver.o
 .bss.rx_tail   0x20000134        0x1 ./Drivers/usart/Src/usart_driver.o
 .bss.tx_tail   0x20000135        0x1 ./Drivers/usart/Src/usart_driver.o
 *fill*         0x20000136        0x2 
 .bss.uwTick    0x20000138        0x4 ./Src/main.o
                0x20000138                uwTick
 .bss.dig_T1    0x2000013c        0x2 ./Src/main.o
 .bss.dig_T2    0x2000013e        0x2 ./Src/main.o
 .bss.dig_T3    0x20000140        0x2 ./Src/main.o
 .bss.dig_P1    0x20000142        0x2 ./Src/main.o
 .bss.dig_P2    0x20000144        0x2 ./Src/main.o
 .bss.dig_P3    0x20000146        0x2 ./Src/main.o
 .bss.dig_P4    0x20000148        0x2 ./Src/main.o
 .bss.dig_P5    0x2000014a        0x2 ./Src/main.o
 .bss.dig_P6    0x2000014c        0x2 ./Src/main.o
 .bss.dig_P7    0x2000014e        0x2 ./Src/main.o
 .bss.dig_P8    0x20000150        0x2 ./Src/main.o
 .bss.dig_P9    0x20000152        0x2 ./Src/main.o
 .bss.t_fine    0x20000154        0x4 ./Src/main.o
                0x20000154                t_fine
 *(COMMON)
                0x20000158                        . = ALIGN (0x4)
                0x20000158                        _ebss = .
                0x20000158                        __bss_end__ = _ebss

._user_heap_stack
                0x20000158      0x600 load address 0x08001430
                0x20000158                        . = ALIGN (0x8)
                [!provide]                        PROVIDE (end = .)
                0x20000158                        PROVIDE (_end = .)
                0x20000358                        . = (. + _Min_Heap_Size)
 *fill*         0x20000158      0x200 
                0x20000758                        . = (. + _Min_Stack_Size)
 *fill*         0x20000358      0x400 
                0x20000758                        . = ALIGN (0x8)

/DISCARD/
 libc.a(*)
 libm.a(*)
 libgcc.a(*)

.ARM.attributes
                0x00000000       0x30
 *(.ARM.attributes)
 .ARM.attributes
                0x00000000       0x22 /opt/st/stm32cubeide_2.0.0/plugins/com.st.stm32cube.ide.mcu.externaltools.gnu-tools-for-stm32.13.3.rel1.linux64_1.0.100.202509120712/tools/bin/../lib/gcc/arm-none-eabi/13.3.1/thumb/v7e-m+fp/hard/crti.o
 .ARM.attributes
                0x00000022       0x34 /opt/st/stm32cubeide_2.0.0/plugins/com.st.stm32cube.ide.mcu.externaltools.gnu-tools-for-stm32.13.3.rel1.linux64_1.0.100.202509120712/tools/bin/../lib/gcc/arm-none-eabi/13.3.1/thumb/v7e-m+fp/hard/crtbegin.o
 .ARM.attributes
                0x00000056       0x34 ./CMSIS/Src/system_stm32f4xx.o
 .ARM.attributes
                0x0000008a       0x34 ./Drivers/gpio/Src/gpio_driver.o
 .ARM.attributes
                0x000000be       0x34 ./Drivers/i2c/Src/i2c_driver.o
 .ARM.attributes
                0x000000f2       0x34 ./Drivers/usart/Src/usart_driver.o
 .ARM.attributes
                0x00000126       0x34 ./Src/main.o
 .ARM.attributes
                0x0000015a       0x21 ./Startup/startup_stm32f401retx.o
 .ARM.attributes
                0x0000017b       0x34 /opt/st/stm32cubeide_2.0.0/plugins/com.st.stm32cube.ide.mcu.externaltools.gnu-tools-for-stm32.13.3.rel1.linux64_1.0.100.202509120712/tools/bin/../lib/gcc/arm-none-eabi/13.3.1/../../../../arm-none-eabi/lib/thumb/v7e-m+fp/hard/libc_nano.a(libc_a-init.o)
 .ARM.attributes
                0x000001af       0x22 /opt/st/stm32cubeide_2.0.0/plugins/com.st.stm32cube.ide.mcu.externaltools.gnu-tools-for-stm32.13.3.rel1.linux64_1.0.100.202509120712/tools/bin/../lib/gcc/arm-none-eabi/13.3.1/thumb/v7e-m+fp/hard/crtn.o
OUTPUT(silica.elf elf32-littlearm)
LOAD linker stubs
LOAD /opt/st/stm32cubeide_2.0.0/plugins/com.st.stm32cube.ide.mcu.externaltools.gnu-tools-for-stm32.13.3.rel1.linux64_1.0.100.202509120712/tools/bin/../lib/gcc/arm-none-eabi/13.3.1/../../../../arm-none-eabi/lib/thumb/v7e-m+fp/hard/libc.a
LOAD /opt/st/stm32cubeide_2.0.0/plugins/com.st.stm32cube.ide.mcu.externaltools.gnu-tools-for-stm32.13.3.rel1.linux64_1.0.100.202509120712/tools/bin/../lib/gcc/arm-none-eabi/13.3.1/../../../../arm-none-eabi/lib/thumb/v7e-m+fp/hard/libm.a
LOAD /opt/st/stm32cubeide_2.0.0/plugins/com.st.stm32cube.ide.mcu.externaltools.gnu-tools-for-stm32.13.3.rel1.linux64_1.0.100.202509120712/tools/bin/../lib/gcc/arm-none-eabi/13.3.1/thumb/v7e-m+fp/hard/libgcc.a

.debug_info     0x00000000     0x2df1
 .debug_info    0x00000000      0x537 ./CMSIS/Src/system_stm32f4xx.o
 .debug_info    0x00000537      0x539 ./Drivers/gpio/Src/gpio_driver.o
 .debug_info    0x00000a70      0xba3 ./Drivers/i2c/Src/i2c_driver.o
 .debug_info    0x00001613      0xb4c ./Drivers/usart/Src/usart_driver.o
 .debug_info    0x0000215f      0xc62 ./Src/main.o
 .debug_info    0x00002dc1       0x30 ./Startup/startup_stm32f401retx.o

.debug_abbrev   0x00000000      0x990
 .debug_abbrev  0x00000000      0x11a ./CMSIS/Src/system_stm32f4xx.o
 .debug_abbrev  0x0000011a      0x140 ./Drivers/gpio/Src/gpio_driver.o
 .debug_abbrev  0x0000025a      0x257 ./Drivers/i2c/Src/i2c_driver.o
 .debug_abbrev  0x000004b1      0x219 ./Drivers/usart/Src/usart_driver.o
 .debug_abbrev  0x000006ca      0x2a2 ./Src/main.o
 .debug_abbrev  0x0000096c       0x24 ./Startup/startup_stm32f401retx.o

.debug_aranges  0x00000000      0x1e0
 .debug_aranges
                0x00000000       0x28 ./CMSIS/Src/system_stm32f4xx.o
 .debug_aranges
                0x00000028       0x60 ./Drivers/gpio/Src/gpio_driver.o
 .debug_aranges
                0x00000088       0x68 ./Drivers/i2c/Src/i2c_driver.o
 .debug_aranges
                0x000000f0       0x58 ./Drivers/usart/Src/usart_driver.o
 .debug_aranges
                0x00000148       0x70 ./Src/main.o
 .debug_aranges
                0x000001b8       0x28 ./Startup/startup_stm32f401retx.o

.debug_rnglists
                0x00000000      0x162
 .debug_rnglists
                0x00000000       0x1a ./CMSIS/Src/system_stm32f4xx.o
 .debug_rnglists
                0x0000001a       0x44 ./Drivers/gpio/Src/gpio_driver.o
 .debug_rnglists
                0x0000005e       0x4c ./Drivers/i2c/Src/i2c_driver.o
 .debug_rnglists
                0x000000aa       0x3f ./Drivers/usart/Src/usart_driver.o
 .debug_rnglists
                0x000000e9       0x60 ./Src/main.o
 .debug_rnglists
                0x00000149       0x19 ./Startup/startup_stm32f401retx.o

.debug_macro    0x00000000     0xdf92
 .debug_macro   0x00000000       0xda ./CMSIS/Src/system_stm32f4xx.o
 .debug_macro   0x000000da      0xacc ./CMSIS/Src/system_stm32f4xx.o
 .debug_macro   0x00000ba6       0x2e ./CMSIS/Src/system_stm32f4xx.o
 .debug_macro   0x00000bd4       0x28 ./CMSIS/Src/system_stm32f4xx.o
 .debug_macro   0x00000bfc       0x22 ./CMSIS/Src/system_stm32f4xx.o
 .debug_macro   0x00000c1e       0x8e ./CMSIS/Src/system_stm32f4xx.o
 .debug_macro   0x00000cac       0x51 ./CMSIS/Src/system_stm32f4xx.o
 .debug_macro   0x00000cfd      0x103 ./CMSIS/Src/system_stm32f4xx.o
 .debug_macro   0x00000e00       0x6a ./CMSIS/Src/system_stm32f4xx.o
 .debug_macro   0x00000e6a      0x1df ./CMSIS/Src/system_stm32f4xx.o
 .debug_macro   0x00001049       0x1c ./CMSIS/Src/system_stm32f4xx.o
 .debug_macro   0x00001065       0x22 ./CMSIS/Src/system_stm32f4xx.o
 .debug_macro   0x00001087       0xfb ./CMSIS/Src/system_stm32f4xx.o
 .debug_macro   0x00001182     0x1011 ./CMSIS/Src/system_stm32f4xx.o
 .debug_macro   0x00002193      0x11f ./CMSIS/Src/system_stm32f4xx.o
 .debug_macro   0x000022b2     0xb881 ./CMSIS/Src/system_stm32f4xx.o
 .debug_macro   0x0000db33       0x6d ./CMSIS/Src/system_stm32f4xx.o
 .debug_macro   0x0000dba0       0xce ./Drivers/gpio/Src/gpio_driver.o
 .debug_macro   0x0000dc6e       0x5e ./Drivers/gpio/Src/gpio_driver.o
 .debug_macro   0x0000dccc       0xd7 ./Drivers/i2c/Src/i2c_driver.o
 .debug_macro   0x0000dda3       0x1c ./Drivers/i2c/Src/i2c_driver.o
 .debug_macro   0x0000ddbf       0xd7 ./Drivers/usart/Src/usart_driver.o
 .debug_macro   0x0000de96       0x1c ./Drivers/usart/Src/usart_driver.o
 .debug_macro   0x0000deb2       0xe0 ./Src/main.o

.debug_line     0x00000000     0x2189
 .debug_line    0x00000000      0x48d ./CMSIS/Src/system_stm32f4xx.o
 .debug_line    0x0000048d      0x637 ./Drivers/gpio/Src/gpio_driver.o
 .debug_line    0x00000ac4      0x73a ./Drivers/i2c/Src/i2c_driver.o
 .debug_line    0x000011fe      0x64c ./Drivers/usart/Src/usart_driver.o
 .debug_line    0x0000184a      0x8c4 ./Src/main.o
 .debug_line    0x0000210e       0x7b ./Startup/startup_stm32f401retx.o

.debug_str      0x00000000    0x5032e
 .debug_str     0x00000000    0x5032e ./CMSIS/Src/system_stm32f4xx.o
                              0x4fa38 (size before relaxing)
 .debug_str     0x0005032e        0x0 ./Drivers/gpio/Src/gpio_driver.o
                              0x4f43b (size before relaxing)
 .debug_str     0x0005032e        0x0 ./Drivers/i2c/Src/i2c_driver.o
                              0x4f9a8 (size before relaxing)
 .debug_str     0x0005032e        0x0 ./Drivers/usart/Src/usart_driver.o
                              0x4f96c (size before relaxing)
 .debug_str     0x0005032e        0x0 ./Src/main.o
                              0x4f9d4 (size before relaxing)
 .debug_str     0x0005032e        0x0 ./Startup/startup_stm32f401retx.o
                                 0x5e (size before relaxing)

.comment        0x00000000       0x43
 .comment       0x00000000       0x43 ./CMSIS/Src/system_stm32f4xx.o
                                 0x44 (size before relaxing)
 .comment       0x00000043        0x0 ./Drivers/gpio/Src/gpio_driver.o
                                 0x44 (size before relaxing)
 .comment       0x00000043        0x0 ./Drivers/i2c/Src/i2c_driver.o
                                 0x44 (size before relaxing)
 .comment       0x00000043        0x0 ./Drivers/usart/Src/usart_driver.o
                                 0x44 (size before relaxing)
 .comment       0x00000043        0x0 ./Src/main.o
                                 0x44 (size before relaxing)

.debug_frame    0x00000000      0x660
 .debug_frame   0x00000000       0x58 ./CMSIS/Src/system_stm32f4xx.o
 .debug_frame   0x00000058      0x178 ./Drivers/gpio/Src/gpio_driver.o
 .debug_frame   0x000001d0      0x18c ./Drivers/i2c/Src/i2c_driver.o
 .debug_frame   0x0000035c      0x148 ./Drivers/usart/Src/usart_driver.o
 .debug_frame   0x000004a4      0x190 ./Src/main.o
 .debug_frame   0x00000634       0x2c /opt/st/stm32cubeide_2.0.0/plugins/com.st.stm32cube.ide.mcu.externaltools.gnu-tools-for-stm32.13.3.rel1.linux64_1.0.100.202509120712/tools/bin/../lib/gcc/arm-none-eabi/13.3.1/../../../../arm-none-eabi/lib/thumb/v7e-m+fp/hard/libc_nano.a(libc_a-init.o)

.debug_line_str
                0x00000000       0x42
 .debug_line_str
                0x00000000       0x42 ./Startup/startup_stm32f401retx.o
