/home/nb/Projects/silica/CMSIS/Inc/core_cm4.h:1814:22:__NVIC_SetPriority	2
/home/nb/Projects/silica/CMSIS/Inc/core_cm4.h:2022:26:SysTick_Config	2
../Src/main.c:23:6:I2C_Bus_Recovery	6
../Src/main.c:55:6:I2C_ForceReset	2
../Src/main.c:62:9:I2C_ReadID	7
../Src/main.c:98:6:SysTick_Handler	1
../Src/main.c:100:6:delay_ms	2
../Src/main.c:105:6:send_int	5
../Src/main.c:114:6:blinky	1
../Src/main.c:128:6:uart_sender	8
../Src/main.c:191:9:bmp280_compensate_T_int32	1
../Src/main.c:204:10:bmp280_compensate_P_int32	3
../Src/main.c:286:6:sensor	4
../Src/main.c:317:5:main	1
