/home/nb/Projects/silica/CMSIS/Inc/core_cm4.h:1814:22:__NVIC_SetPriority	16	static
/home/nb/Projects/silica/CMSIS/Inc/core_cm4.h:2022:26:SysTick_Config	16	static
../Src/main.c:22:6:SysTick_Handler	4	static
../Src/main.c:24:6:delay_ms	24	static
../Src/main.c:29:6:send_int	32	static
../Src/main.c:38:6:blinky	8	static
../Src/main.c:52:6:uart_sender	16	static
../Src/main.c:115:9:bmp280_compensate_T_int32	32	static
../Src/main.c:128:10:bmp280_compensate_P_int32	32	static
../Src/main.c:154:6:sensor	72	static
../Src/main.c:203:5:main	8	static
